<html>
<body>
<pre>
<h1>µVision Build Log</h1>
<h2>Tool Versions:</h2>
IDE-Version: µVision V5.42.0.0
Copyright (C) 2025 ARM Ltd and ARM Germany GmbH. All rights reserved.
License Information: Daniel Gayoso
Penn State
User-based license: Keil MDK Community (non-commercial free of charge)
Valid until: May 31 2033. Cached until: Mar 31 2025
 
Tool Versions:
Toolchain:       Keil MDK Community (non-commercial free of charge  Version: 5.42.0.0
Toolchain Path:  C:\Users\Danfi\AppData\Local\Keil_v5\ARM\ARMCLANG\Bin
C Compiler:      ArmClang.exe V6.23
Assembler:       Armasm.exe V6.23
Linker/Locator:  ArmLink.exe V6.23
Library Manager: ArmAr.exe V6.23
Hex Converter:   FromElf.exe V6.23
CPU DLL:         SARMCM3.DLL V5.42.0.0
Dialog DLL:      DARMCM1.DLL V1.19.6.0
Target DLL:      UL2CM3.DLL V1.164.14.0
Dialog DLL:      TARMCM1.DLL V1.14.6.0
 
<h2>Project:</h2>
C:\Users\Danfi\OneDrive\Documents\PSB_SrDesign2\FLtest1\test1.uvprojx
Project File Date:  03/25/2025

<h2>Output:</h2>
*** Using Compiler 'V6.23', folder: 'C:\Users\Danfi\AppData\Local\Keil_v5\ARM\ARMCLANG\Bin'
Build target 'Target_1'
compiling main.c...
linking...
Program Size: Code=388 RO-data=220 RW-data=4 ZI-data=612  
".\Objects\test1.axf" - 0 Error(s), 0 Warning(s).

<h2>Software Packages used:</h2>

Package Vendor: ARM
                https://www.keil.com/pack/ARM.CMSIS.6.1.0.pack
                ARM::CMSIS@6.1.0
                CMSIS (Common Microcontroller Software Interface Standard)
   * Component: Custom Version: 1.0.0
   * Component: Custom Version: 1.0.0
   * Component: Custom Version: 1.0.0
   * Component: CORE Version: 6.1.0
   * Component: Flash Version: 2.3.0
   * Component: SPI Version: 2.3.0
   * Component: USART Version: 2.4.0

Package Vendor: ARM
                https://www.keil.com/pack/ARM.CMSIS-Compiler.2.1.0.pack
                ARM::CMSIS-Compiler@2.1.0
                CMSIS Compiler extensions for Arm Compiler, GCC, Clang, and IAR Compiler
   * Component: CORE Version: 1.1.0

Package Vendor: ARM
                https://www.keil.com/pack/ARM.CMSIS-DSP.1.16.2.pack
                ARM::CMSIS-DSP@1.16.2
                CMSIS Embedded Compute Library
   * Component: DSP Variant: Source Version: 1.16.2

Package Vendor: Microchip
                https://packs.download.microchip.com/Microchip.SAMC21_DFP.3.8.119.pack
                Microchip::SAMC21_DFP@3.8.119
                Microchip SAMC21 Series Device Support
   * Component: Startup Version: 3.8.0

<h2>Collection of Component include folders:</h2>
  ./RTE/_Target_1
  C:/Users/Danfi/AppData/Local/Arm/Packs/ARM/CMSIS-DSP/1.16.2/Include
  C:/Users/Danfi/AppData/Local/Arm/Packs/ARM/CMSIS-DSP/1.16.2/PrivateInclude
  C:/Users/Danfi/AppData/Local/Arm/Packs/ARM/CMSIS/6.1.0/CMSIS/Core/Include
  C:/Users/Danfi/AppData/Local/Arm/Packs/ARM/CMSIS/6.1.0/CMSIS/Driver/Include
  C:/Users/Danfi/AppData/Local/Arm/Packs/Microchip/SAMC21_DFP/3.8.119/samc21/include

<h2>Collection of Component Files used:</h2>

   * Component: ARM::CMSIS Driver:Flash:Custom@1.0.0
      Include file:  CMSIS/Driver/Include/Driver_Flash.h
      Source file:   CMSIS/Driver/DriverTemplates/Driver_Flash.c

   * Component: ARM::CMSIS Driver:SPI:Custom@1.0.0
      Source file:   CMSIS/Driver/DriverTemplates/Driver_SPI.c
      Include file:  CMSIS/Driver/Include/Driver_SPI.h

   * Component: ARM::CMSIS Driver:USART:Custom@1.0.0
      Source file:   CMSIS/Driver/DriverTemplates/Driver_USART.c
      Include file:  CMSIS/Driver/Include/Driver_USART.h

   * Component: ARM::CMSIS-Compiler:CORE@1.1.0
      Source file:   source/armcc/retarget_io.c

   * Component: ARM::CMSIS:CORE@6.1.0

   * Component: ARM::CMSIS:DSP&Source@1.16.2
      Source file:   Source/FilteringFunctions/FilteringFunctions.c
      Source file:   Source/SVMFunctions/SVMFunctions.c
      Source file:   Source/SupportFunctions/SupportFunctionsF16.c
      Source file:   Source/FastMathFunctions/FastMathFunctionsF16.c
      Source file:   Source/InterpolationFunctions/InterpolationFunctions.c
      Source file:   Source/CommonTables/CommonTables.c
      Source file:   Source/ComplexMathFunctions/ComplexMathFunctions.c
      Source file:   Source/DistanceFunctions/DistanceFunctionsF16.c
      Source file:   Source/QuaternionMathFunctions/QuaternionMathFunctions.c
      Source file:   Source/ControllerFunctions/ControllerFunctions.c
      Source file:   Source/CommonTables/CommonTablesF16.c
      Source file:   Source/MatrixFunctions/MatrixFunctionsF16.c
      Source file:   Source/FastMathFunctions/FastMathFunctions.c
      Source file:   Source/MatrixFunctions/MatrixFunctions.c
      Source file:   Source/BasicMathFunctions/BasicMathFunctionsF16.c
      Source file:   Source/FilteringFunctions/FilteringFunctionsF16.c
      Source file:   Source/TransformFunctions/TransformFunctions.c
      Source file:   Source/TransformFunctions/TransformFunctionsF16.c
      Source file:   Source/InterpolationFunctions/InterpolationFunctionsF16.c
      Source file:   Source/BayesFunctions/BayesFunctionsF16.c
      Source file:   Source/BasicMathFunctions/BasicMathFunctions.c
      Source file:   Source/SVMFunctions/SVMFunctionsF16.c
      Source file:   Source/DistanceFunctions/DistanceFunctions.c
      Source file:   Source/BayesFunctions/BayesFunctions.c
      Source file:   Source/StatisticsFunctions/StatisticsFunctions.c
      Source file:   Source/SupportFunctions/SupportFunctions.c
      Source file:   Source/WindowFunctions/WindowFunctions.c
      Source file:   Source/ComplexMathFunctions/ComplexMathFunctionsF16.c
      Source file:   Source/StatisticsFunctions/StatisticsFunctionsF16.c
      Include file:  Include/arm_math.h
      Include file:  Include/arm_common_tables.h
      Include file:  Include/arm_const_structs.h
      Include file:  Include/arm_const_structs_f16.h
      Include file:  Include/arm_math_f16.h
      Include file:  Include/arm_common_tables_f16.h

   * Component: CMSIS Driver:Flash(API)@2.3.0
      Include file:  CMSIS/Driver/Include/Driver_Flash.h

   * Component: CMSIS Driver:SPI(API)@2.3.0
      Include file:  CMSIS/Driver/Include/Driver_SPI.h

   * Component: CMSIS Driver:USART(API)@2.4.0
      Include file:  CMSIS/Driver/Include/Driver_USART.h

   * Component: Microchip::Device:Startup@3.8.0
      Source file:   samc21/templates/main.cpp
      Include file:  samc21/include/sam.h
      Source file:   samc21/templates/main.c
      Source file:   samc21/armcc/system_samc21e18a.c
      Source file:   samc21/armcc/armcc/startup_samc21e18a.s
Build Time Elapsed:  00:00:05
</pre>
</body>
</html>
